40 of 40 recordings present

1. KNOWN ANSWERS, whole run: error % (bar %), p0 / p1. Paired = trimmed mean of per-round values;
   per-side = ratio of each side's trimmed mean.

  fast pair  (difference against the canary, exactly 36 links)
  l1     c0:  +0.179(0.068) side +0.384 /  +0.071(0.038) side +0.161  c1:  +0.213(0.068) side +0.273 /  +0.145(0.063) side +0.145  c4:  +0.112(0.047) side +0.196 /  +0.063(0.047) side +0.177  c5:  +0.183(0.078) side +0.276 /  +0.155(0.098) side +0.252
  l3     c0:  +0.289(0.104) side +0.569 /  +0.372(0.098) side +0.760  c1:  +0.333(0.122) side +0.675 /  +0.287(0.123) side +0.702  c4:  +0.314(0.117) side +0.629 /  +0.266(0.121) side +0.553  c5:  +0.319(0.138) side +0.558 /  +0.299(0.130) side +0.522
  l10    c0:  -0.123(0.155) side +0.171 /  -0.206(0.159) side +0.048  c1:  -0.375(0.181) side -0.297 /  -0.532(0.216) side -0.481  c4:  -0.592(0.191) side -0.412 /  +0.028(0.156) side +0.293  c5:  -0.112(0.183) side +0.130 /  -0.014(0.166) side +0.540
  l30    c0:  -0.457(0.147) side -0.345 /  -0.364(0.135) side -0.241  c1:  -0.748(0.144) side -0.566 /  -0.281(0.172) side -0.285  c4:  -0.475(0.153) side -0.371 /  -0.463(0.160) side -0.433  c5:  -0.376(0.211) side -0.158 /  -0.468(0.151) side -0.271
  l100   c0:  -0.485(0.110) side -0.436 /  -0.235(0.107) side -0.206  c1:  -0.353(0.129) side -0.355 /  -0.627(0.136) side -0.605  c4:  -0.259(0.127) side -0.282 /  -0.438(0.112) side -0.458  c5:  -0.678(0.122) side -0.722 /  -0.671(0.138) side -0.574

  slow pair  (exactly 5/3)
  l1     c1:  +0.005(0.006) side +0.007 /  +0.010(0.007) side +0.014  c5:  +0.014(0.006) side +0.013 /  +0.016(0.006) side +0.017
  l3     c1:  +0.015(0.005) side +0.013 /  +0.008(0.007) side +0.010  c5:  +0.014(0.008) side +0.009 /  +0.015(0.008) side +0.017
  l10    c1:  +0.005(0.008) side +0.012 /  -0.013(0.008) side -0.016  c5:  -0.016(0.009) side -0.022 /  -0.005(0.008) side -0.005
  l30    c1:  -0.000(0.014) side +0.009 /  -0.075(0.037) side -0.137  c5:  -0.001(0.014) side +0.023 /  +0.047(0.050) side +0.067
  l100   c1:  +0.008(0.035) side -0.016 /  -0.039(0.035) side -0.059  c5:  +0.074(0.040) side +0.096 /  +0.057(0.045) side +0.086

2. COMPOSITION: shift of each function's steady-state time from c0, %, mean of passes;
   null = rms pass-to-pass / sqrt 2
  lap   fn            +long integer cal            +warmer       +all of them     null
  l1    cpu_canary               -0.026             -0.042             -0.033   +0.030
  l1    slow_cpu                 -0.115             -0.126             -0.074   +0.111
  l1    slow_cpu2                -0.130             -0.126             -0.093   +0.110
  l1    f64_sin                  -0.089             -0.096             -0.020   +0.087
  l1    parse_u64                +1.383             -0.321             -0.404   +1.382
  l1    btree_miss               +0.533             -1.252             +0.869   +1.038
  l1    warm_dst                 +0.905             +0.938             -1.344   +1.434

  l3    cpu_canary               -0.025             -0.021             -0.029   +0.018
  l3    slow_cpu                 -0.018             -0.021             -0.089   +0.016
  l3    slow_cpu2                -0.028             +0.020             -0.053   +0.042
  l3    f64_sin                  +0.007             -0.038             +0.010   +0.049
  l3    parse_u64                -1.506             -3.691             -1.641   +0.879
  l3    btree_miss               -0.017             -0.179             +0.302   +0.294
  l3    warm_dst                 -1.823             -2.022             -2.694   +2.102

  l10   cpu_canary               -0.026             -0.021             -0.028   +0.009
  l10   slow_cpu                 -0.059             -0.063             -0.049   +0.043
  l10   slow_cpu2                +0.201             +0.008             -0.187   +0.136
  l10   f64_sin                  -0.022             -0.074             -0.048   +0.036
  l10   parse_u64                -1.748             +1.189             -0.008   +1.753
  l10   btree_miss               -0.600             -0.637             -0.434   +0.516
  l10   warm_dst                 -0.344             -2.992             -0.913   +3.078

  l30   cpu_canary               -0.012             +0.018             -0.042   +0.023
  l30   slow_cpu                 +0.014             -0.015             -0.029   +0.060
  l30   slow_cpu2                +0.102             +0.027             -0.065   +0.087
  l30   f64_sin                  +0.037             +0.015             -0.014   +0.034
  l30   parse_u64                -0.052             -0.045             +0.023   +2.425
  l30   btree_miss               +0.100             -0.082             -0.147   +0.441
  l30   warm_dst                 -0.419             -2.245             -1.771   +2.401

  l100  cpu_canary               +0.007             +0.015             +0.025   +0.017
  l100  slow_cpu                 -0.016             +0.018             -0.046   +0.036
  l100  slow_cpu2                +0.060             +0.047             +0.097   +0.066
  l100  f64_sin                  +0.037             +0.008             -0.004   +0.026
  l100  parse_u64                +0.023             -0.035             +0.028   +2.432
  l100  btree_miss               -0.378             +0.475             -0.329   +0.409
  l100  warm_dst                 -0.260             +0.255             +0.968   +1.077


3. LAPS: warm-up lap against the measured laps, and the trend across laps 1..3 (median over rounds), %
  lap   comp             cpu_canary              slow_cpu             slow_cpu2               f64_sin             parse_u64            btree_miss              warm_dst
  l1    c0             +1.67  -0.00          +2.29  -0.02          +2.19  -0.01          +2.70  -0.17          +0.93  -0.08         +18.36  -6.69          +8.61  -0.12
  l1    c5             +1.41  +0.01          +2.12  -0.01          +1.99  -0.01          +2.76  -0.21          +0.41  -0.09         +23.25  -9.56          +7.51  -0.09
  l3    c0             +0.54  +0.00          +0.77  -0.01          +0.82  -0.00          +2.56  -0.36          +0.42  -0.43         +24.05  -9.59          +2.93  -0.05
  l3    c5             +0.53  +0.01          +0.66  -0.03          +0.72  -0.01          +2.62  -0.65          +0.87  -0.24         +30.56 -10.34          +3.04  -0.05
  l10   c0             +0.12  +0.00          +0.08  +0.01          -0.02  +0.00          +2.05  -0.23          +0.11  -0.10         +18.23  -1.98          +0.99  -0.08
  l10   c5             +0.16  +0.00          +0.14  -0.03          +0.04  +0.00          +2.12  -0.28          -1.90  -0.04         +22.60  -2.89          +0.86  -0.03
  l30   c0             -0.01  -0.00          -0.03  -0.02          -0.04  -0.02          +2.04  +0.04          -0.00  +0.02          +8.69  -0.20          +0.26  -0.04
  l30   c5             -0.00  -0.00          -0.07  +0.04          -0.16  -0.05          +2.05  +0.02          +0.02  +0.03          +9.00  -0.10          +0.15  -0.05
  l100  c0             -0.15  -0.03          +0.20  -0.03          +0.10  -0.02          +2.05  -0.00          -0.01  +0.05          +2.20  +0.08          +0.17  -0.05
  l100  c5             -0.21  -0.03          +0.12  -0.09          -0.00  -0.04          +2.09  +0.02          +0.05  +0.05          +2.88  +0.09          +0.07  -0.08
  (each cell: warm-up excess; then, for equal laps, last lap over first measured lap,
   and for unequal laps the fixed cost per lap as a fraction of the short lap)
